datarun: staging D:\code\ccode\build\src\Release\dottalkpp.exe
         chosen by timestamp from 5 candidate(s); built 0.8 min ago.
         other candidate(s), newest first:
           D:\code\ccode\build\uidef-native\src\Release\dottalkpp.exe  (9/18/2026 11:05:01 AM)
           D:\code\ccode\build\core-vcpkg\src\dottalkpp.exe  (8/10/2026 4:50:33 AM)
           D:\code\ccode\build\core-vcpkg\stage-proof\bin\dottalkpp.exe  (8/10/2026 4:50:33 AM)
           D:\code\ccode\build\src\Debug\dottalkpp.exe  (7/27/2026 2:04:15 PM)
[32mINIT: Paths
  BIN        : D:\code\ccode\dottalkpp\bin
  DATA       : D:\code\ccode\dottalkpp\data
  DBF        : D:\code\ccode\dottalkpp\data\dbf
  INDEXES    : D:\code\ccode\dottalkpp\data\indexes
  LMDB       : D:\code\ccode\dottalkpp\data\lmdb
  WORKSPACES : D:\code\ccode\dottalkpp\data\workspaces
  SCHEMAS    : D:\code\ccode\dottalkpp\data\schemas
  PROJECTS   : D:\code\ccode\dottalkpp\data\projects
  SCRIPTS    : D:\code\ccode\dottalkpp\data\scripts
  TESTS      : D:\code\ccode\dottalkpp\data\tests
  HELP       : D:\code\ccode\dottalkpp\data\help
  LOGS       : D:\code\ccode\dottalkpp\data\logs
  SYS        : D:\code\ccode\dottalkpp\data\sys
  TMP        : D:\code\ccode\dottalkpp\data\tmp
INIT: processing system .ini D:\code\ccode\dottalkpp\bin\dottalkpp.ini
INIT: processing user .ini D:\code\ccode\dottalkpp\bin\init.ini
Echo is OFF
Paging is OFF
Talk is OFF
dottalk++ beta 1.b, dff70c23  (Sep 22 2026 10:12:20)
DotTalk++ build Sep 22 2026 10:12:20
SQLite available: 1, version: 3.50.4
[0m         [33m*[0m
[0m         [32m^[0m
[0m        [32m^[31mo[32m^[0m
[0m       [32m^^[36m#[32m^^[0m
[0m      [32m^^^[33m*[32m^^^[0m
[0m     [32m^^[33m+[32m^^^^^^[0m
[0m    [32m^^^^^[31mo[32m^^^^^[0m
[0m   [32m^^^[36m#[32m^^^^^[33m+[32m^^^[0m
[0m  [32m^^[31mo[32m^^^^[33m*[32m^^^^^^^[0m
[0m [32m^^^^^[33m+[32m^^^^^^[31mo[32m^^^^[0m
[32m^^^^[36m#[32m^^^^[31mo[32m^^^^[33m+[32m^^^^[0m
[0m         [37m|||[0m
[0m         [37m|||[0m
EDU_BIBLETALK: opened BibleTalk seed biblebase\bible_kjv_x64.sqlite
BibleTalk Quote
  Psalms 49:16
  Be not thou afraid when one is made rich, when the glory of his house is increased;
DotTalk++ type HELP. USE, SELECT <n>, AREA, COLOR <GREEN|AMBER|DEFAULT>, ABOUT, QUIT.

Dev: CMDHELPCHK, GPS, WORKSPACE, ERSATZ.

Hello World!
. . . . . . . . . . . . . . . . . . . . . . . . . Echo is OFF
. Timer is ON
. TIMER START: 0.022752200 s
Talk is ON
TIMER END  : 0.022798900 s
ELAPSED    : 0.000046700 s
. TIMER START: 0.022856100 s
SETPATH: DBF = D:\code\ccode\dottalkpp\data\DBF\pinocchio
TIMER END  : 0.023016500 s
ELAPSED    : 0.000160400 s
. TIMER START: 0.023130400 s
SETPATH: INDEXES = D:\code\ccode\dottalkpp\data\INDEXES\pinocchio
TIMER END  : 0.023430700 s
ELAPSED    : 0.000300300 s
. TIMER START: 0.023666500 s
SETPATH: LMDB = D:\code\ccode\dottalkpp\data\LMDB\pinocchio
TIMER END  : 0.023917300 s
ELAPSED    : 0.000250800 s
. TIMER START: 0.024084400 s
; === D0. open STUDENTS + ENROLL; assert PARALLEL starts OFF ===
TIMER END  : 0.024184700 s
ELAPSED    : 0.000100300 s
. TIMER START: 0.024314000 s
Selected area 1.
Current area: 1
TIMER END  : 0.024453500 s
ELAPSED    : 0.000139500 s
. TIMER START: 0.024572000 s
Opened STUDENTS (v64) : Record count 1000000
Valid Index/Indices   : CDX, CNX
Auto-attached order: STUDENTS.cdx (tag: SID)
TIMER END  : 0.033844100 s
ELAPSED    : 0.009272100 s
. TIMER START: 0.033971500 s
Selected area 2.
Current area: 2
TIMER END  : 0.034035800 s
ELAPSED    : 0.000064300 s
. TIMER START: 0.034123500 s
Opened ENROLL (v64) : Record count 5501358
Valid Index/Indices   : CDX, CNX
Auto-attached order: ENROLL.cdx (tag: SID)
TIMER END  : 0.040832500 s
ELAPSED    : 0.006709000 s
. TIMER START: 0.040942100 s
Selected area 1.
Current area: 1
  File: D:\code\ccode\dottalkpp\data\dbf\pinocchio\STUDENTS.dbf  Recs: 1000000  Recno: 1
TIMER END  : 0.041098900 s
ELAPSED    : 0.000156800 s
. TIMER START: 0.041195500 s
SET PARALLEL: OFF
TIMER END  : 0.041279600 s
ELAPSED    : 0.000084100 s
. TIMER START: 0.041384800 s
; === D1-OFF. function-WHERE count (I5 form): expect 90700 ===
TIMER END  : 0.041490600 s
ELAPSED    : 0.000105800 s
. TIMER START: 0.041579900 s
SET PARALLEL: OFF
TIMER END  : 0.041649800 s
ELAPSED    : 0.000069900 s
. TIMER START: 0.041750100 s
COUNT(*)
90700
1 row(s) selected.
TIMER END  : 46.057925100 s
ELAPSED    : 46.016175000 s
. TIMER START: 46.058014300 s
; === D1-ON. same statement, workers=6: expect 90700 and the workers=6 path line ===
TIMER END  : 46.058088800 s
ELAPSED    : 0.000074500 s
. TIMER START: 46.058243900 s
SET PARALLEL: 6 worker(s)
TIMER END  : 46.058405300 s
ELAPSED    : 0.000161400 s
. TIMER START: 46.058568700 s
SQLSEL: parallel declined -- private open failed for the source file; scanning serial.
COUNT(*)
90700
1 row(s) selected.
TIMER END  : 100.410428500 s
ELAPSED    : 54.351859800 s
. TIMER START: 100.410525600 s
; === D2. torn-partition bands, OFF then ON -- five seams, expect 100 each, ALL pairs equal ===
TIMER END  : 100.410593100 s
ELAPSED    : 0.000067500 s
. TIMER START: 100.410650800 s
SET PARALLEL: OFF
TIMER END  : 100.410695200 s
ELAPSED    : 0.000044400 s
. TIMER START: 100.410807900 s
COUNT(*)
100
1 row(s) selected.
TIMER END  : 136.107722400 s
ELAPSED    : 35.696914500 s
. TIMER START: 136.107818000 s
COUNT(*)
100
1 row(s) selected.
TIMER END  : 171.017487700 s
ELAPSED    : 34.909669700 s
. TIMER START: 171.017590200 s
COUNT(*)
100
1 row(s) selected.
TIMER END  : 210.158144700 s
ELAPSED    : 39.140554500 s
. TIMER START: 210.158262800 s
COUNT(*)
100
1 row(s) selected.
TIMER END  : 247.003887900 s
ELAPSED    : 36.845625100 s
. TIMER START: 247.003997900 s
COUNT(*)
100
1 row(s) selected.
TIMER END  : 281.858914200 s
ELAPSED    : 34.854916300 s
. TIMER START: 281.859132100 s
SET PARALLEL: 6 worker(s)
TIMER END  : 281.859292900 s
ELAPSED    : 0.000160800 s
. TIMER START: 281.859451300 s
SQLSEL: parallel declined -- private open failed for the source file; scanning serial.
COUNT(*)
100
1 row(s) selected.
TIMER END  : 318.655635300 s
ELAPSED    : 36.796184000 s
. TIMER START: 318.655805600 s
SQLSEL: parallel declined -- private open failed for the source file; scanning serial.
COUNT(*)
100
1 row(s) selected.
TIMER END  : 354.641782000 s
ELAPSED    : 35.985976400 s
. TIMER START: 354.641919700 s
SQLSEL: parallel declined -- private open failed for the source file; scanning serial.
COUNT(*)
100
1 row(s) selected.
TIMER END  : 390.498753500 s
ELAPSED    : 35.856833800 s
. TIMER START: 390.498951000 s
SQLSEL: parallel declined -- private open failed for the source file; scanning serial.
COUNT(*)
100
1 row(s) selected.
TIMER END  : 425.118102200 s
ELAPSED    : 34.619151200 s
. TIMER START: 425.118210100 s
SQLSEL: parallel declined -- private open failed for the source file; scanning serial.
COUNT(*)
100
1 row(s) selected.
TIMER END  : 460.222865500 s
ELAPSED    : 35.104655400 s
. TIMER START: 460.222982900 s
; === D3. bare COUNT(*) both modes: expect 1000000 twice ===
TIMER END  : 460.223059300 s
ELAPSED    : 0.000076400 s
. TIMER START: 460.223128700 s
SET PARALLEL: OFF
TIMER END  : 460.223184900 s
ELAPSED    : 0.000056200 s
. TIMER START: 460.223308600 s
COUNT(*)
1000000
1 row(s) selected.
TIMER END  : 480.611303000 s
ELAPSED    : 20.387994400 s
. TIMER START: 480.611393900 s
SET PARALLEL: 6 worker(s)
TIMER END  : 480.611447600 s
ELAPSED    : 0.000053700 s
. TIMER START: 480.611532300 s
SQLSEL: parallel declined -- private open failed for the source file; scanning serial.
COUNT(*)
1000000
1 row(s) selected.
TIMER END  : 500.830929300 s
ELAPSED    : 20.219397000 s
. TIMER START: 500.831019600 s
; === D4. row-returning + ORDER BY + LIMIT both modes: SAME 5 rows, same order ===
TIMER END  : 500.831105600 s
ELAPSED    : 0.000086000 s
. TIMER START: 500.831175700 s
SET PARALLEL: OFF
TIMER END  : 500.831222900 s
ELAPSED    : 0.000047200 s
. TIMER START: 500.831297800 s
SID | LNAME
50000006 | Anderson
50000008 | Anderson
50000010 | Anderson
50000027 | Anderson
50000068 | Anderson
5 row(s) selected.
SQLSEL: LIMIT reached; 95 more row(s) available.
SQLSEL: ORDER BY LNAME ASC -- materialized sort over 100 matching row(s).
TIMER END  : 546.052645600 s
ELAPSED    : 45.221347800 s
. TIMER START: 546.052919300 s
SET PARALLEL: 6 worker(s)
TIMER END  : 546.053084500 s
ELAPSED    : 0.000165200 s
. TIMER START: 546.053292300 s
SQLSEL: parallel declined -- private open failed for the source file; scanning serial.
SID | LNAME
50000006 | Anderson
50000008 | Anderson
50000010 | Anderson
50000027 | Anderson
50000068 | Anderson
5 row(s) selected.
SQLSEL: LIMIT reached; 95 more row(s) available.
SQLSEL: ORDER BY LNAME ASC -- materialized sort over 100 matching row(s).
TIMER END  : 593.671916000 s
ELAPSED    : 47.618623700 s
. TIMER START: 593.672065500 s
; === D5. ENROLL at 5.5M both modes over the seek-join fact: expect 5501358 ===
TIMER END  : 593.672183000 s
ELAPSED    : 0.000117500 s
. TIMER START: 593.672396900 s
Selected area 2.
Current area: 2
  File: D:\code\ccode\dottalkpp\data\dbf\pinocchio\ENROLL.dbf  Recs: 5501358  Recno: 1
TIMER END  : 593.672686600 s
ELAPSED    : 0.000289700 s
. TIMER START: 593.672829000 s
SET PARALLEL: OFF
TIMER END  : 593.672939200 s
ELAPSED    : 0.000110200 s
. TIMER START: 593.673095400 s
COUNT(*)
5501358
1 row(s) selected.
TIMER END  : 698.330810700 s
ELAPSED    : 104.657715300 s
. TIMER START: 698.330914400 s
SET PARALLEL: 6 worker(s)
TIMER END  : 698.330966700 s
ELAPSED    : 0.000052300 s
. TIMER START: 698.331122700 s
SQLSEL: parallel declined -- private open failed for the source file; scanning serial.
COUNT(*)
5501358
1 row(s) selected.
TIMER END  : 796.763065600 s
ELAPSED    : 98.431942900 s
. TIMER START: 796.763311100 s
Selected area 1.
Current area: 1
  File: D:\code\ccode\dottalkpp\data\dbf\pinocchio\STUDENTS.dbf  Recs: 1000000  Recno: 1
TIMER END  : 796.763863200 s
ELAPSED    : 0.000552100 s
. TIMER START: 796.764013200 s
; === P1. DECLINE HONESTY: subquery predicate under ON must decline + exact 1000 ===
TIMER END  : 796.764199600 s
ELAPSED    : 0.000186400 s
. TIMER START: 796.764380500 s
SET PARALLEL: 6 worker(s)
TIMER END  : 796.764535200 s
ELAPSED    : 0.000154700 s
. TIMER START: 796.764711700 s
SQLSEL: parallel declined -- subquery predicate (shared subquery runtime); scanning serial.
SQLSEL: parallel declined -- private open failed for the source file; scanning serial.
SQLSEL: subquery evaluation count -- correlated=0, uncorrelated=1.
COUNT(*)
1000
1 row(s) selected.
TIMER END  : 1039.918478400 s
ELAPSED    : 243.153766700 s
. TIMER START: 1039.918612100 s
; === P2. DECLINE HONESTY: 200-row sample must decline (too small) + exact 21 ===
TIMER END  : 1039.918687500 s
ELAPSED    : 0.000075400 s
. TIMER START: 1039.918769000 s
SETPATH: DBF = D:\code\ccode\dottalkpp\data\DBF\x64
TIMER END  : 1039.918955900 s
ELAPSED    : 0.000186900 s
. TIMER START: 1039.919022700 s
Selected area 3.
Current area: 3
TIMER END  : 1039.919073600 s
ELAPSED    : 0.000050900 s
. TIMER START: 1039.919144500 s
USE: alias 'STUDENTS' is held by area 1 in this workspace; this instance is named 'STUDENTS2'. Use ALIAS to choose your own.
Opened STUDENTS2 (v64) : Record count 200
Valid Index/Indices   : CDX, CNX
TIMER END  : 1039.940046600 s
ELAPSED    : 0.020902100 s
. TIMER START: 1039.940222900 s
SQLSEL: parallel declined -- private open failed for the source file; scanning serial.
COUNT(*)
90700
1 row(s) selected.
TIMER END  : 1107.652773100 s
ELAPSED    : 67.712550200 s
. TIMER START: 1107.653350400 s
Closed.
TIMER END  : 1107.700116900 s
ELAPSED    : 0.046766500 s
. TIMER START: 1107.700307200 s
Selected area 1.
Current area: 1
  File: D:\code\ccode\dottalkpp\data\dbf\pinocchio\STUDENTS.dbf  Recs: 1000000  Recno: 1
TIMER END  : 1107.700689000 s
ELAPSED    : 0.000381800 s
. TIMER START: 1107.700945500 s
SETPATH: DBF = D:\code\ccode\dottalkpp\data\DBF\pinocchio
TIMER END  : 1107.701421900 s
ELAPSED    : 0.000476400 s
. TIMER START: 1107.701672300 s
; === D6. cleanup: PARALLEL back OFF (the default this build ships with) ===
TIMER END  : 1107.702065400 s
ELAPSED    : 0.000393100 s
. TIMER START: 1107.702190500 s
SET PARALLEL: OFF
TIMER END  : 1107.702300000 s
ELAPSED    : 0.000109500 s
. TIMER START: 1107.702400000 s
SET PARALLEL: OFF
TIMER END  : 1107.702523500 s
ELAPSED    : 0.000123500 s
. TIMER START: 1107.702646800 s
Selected area 2.
Current area: 2
  File: D:\code\ccode\dottalkpp\data\dbf\pinocchio\ENROLL.dbf  Recs: 5501358  Recno: 1
TIMER END  : 1107.702984900 s
ELAPSED    : 0.000338100 s
. TIMER START: 1107.703113800 s
Closed.
TIMER END  : 1107.708891800 s
ELAPSED    : 0.005778000 s
. TIMER START: 1107.709057500 s
Selected area 1.
Current area: 1
  File: D:\code\ccode\dottalkpp\data\dbf\pinocchio\STUDENTS.dbf  Recs: 1000000  Recno: 1
TIMER END  : 1107.709367700 s
ELAPSED    : 0.000310200 s
. TIMER START: 1107.709491800 s
Closed.
TIMER END  : 1107.711793700 s
ELAPSED    : 0.002301900 s
. TIMER START: 1107.711995700 s
; ============================================================
TIMER END  : 1107.712067600 s
ELAPSED    : 0.000071900 s
. TIMER START: 1107.712193300 s
; PARALLEL DIFFERENTIAL COMPLETE. Confirm and record:
TIMER END  : 1107.712303900 s
ELAPSED    : 0.000110600 s
. TIMER START: 1107.712428400 s
; D1 : 90700 == 90700; the ON leg prints workers=6 in its path line.
TIMER END  : 1107.712515200 s
ELAPSED    : 0.000086800 s
. TIMER START: 1107.712608600 s
; D2 : five torn-seam bands, 100 each, OFF == ON pairwise.
TIMER END  : 1107.712664400 s
ELAPSED    : 0.000055800 s
. TIMER START: 1107.712780200 s
; D3 : 1000000 == 1000000.   D5: 5501358 == 5501358.
TIMER END  : 1107.712837400 s
ELAPSED    : 0.000057200 s
. TIMER START: 1107.712947700 s
; D4 : identical 5 rows in identical order (ORDER BY sorts the merge).
TIMER END  : 1107.713015200 s
ELAPSED    : 0.000067500 s
. TIMER START: 1107.713120900 s
; P1 : declined (subquery) + 1000 exact.  P2: declined (small) + 21 exact.
TIMER END  : 1107.713186500 s
ELAPSED    : 0.000065600 s
. TIMER START: 1107.713302300 s
; ELAPSED ratios OFF vs ON are the speedup datum; record the curve by
TIMER END  : 1107.713399700 s
ELAPSED    : 0.000097400 s
. TIMER START: 1107.713525300 s
; rerunning D1/D3 at SET PARALLEL 2, 4, 6, 8, 12, 16, 22 (OQ-P1).
TIMER END  : 1107.713589400 s
ELAPSED    : 0.000064100 s
. TIMER START: 1107.713696100 s
; ============================================================
TIMER END  : 1107.713762800 s
ELAPSED    : 0.000066700 s
. SHUTDOWN: processing D:\code\ccode\dottalkpp\bin\shutdown.ini
