proof: WORKSPACE WRITEBACK regression, after the path-resolution fix
utc      : 2026-08-12T19:55:16Z
platform : Linux (Cowork sandbox), g++ 11, Release
binary   : /tmp/lean/build/src/dottalkpp  (built from this tree, this session)
cwd      : /sessions/sharp-great-euler/mnt/ccode/dottalkpp   [DATA resolves to ./data]
NOTE     : Windows/MSVC is a SEPARATE build of this same tree and is now
           STALE against these three source files. Rebuild before re-running there.
----------------------------------------------------------------------
[32mINIT: Paths
  BIN        : /tmp/lean/build/src
  DATA       : /sessions/sharp-great-euler/mnt/ccode/dottalkpp/data
  DBF        : /sessions/sharp-great-euler/mnt/ccode/dottalkpp/data/dbf
  INDEXES    : /sessions/sharp-great-euler/mnt/ccode/dottalkpp/data/indexes
  LMDB       : /sessions/sharp-great-euler/mnt/ccode/dottalkpp/data/lmdb
  WORKSPACES : /sessions/sharp-great-euler/mnt/ccode/dottalkpp/data/workspaces
  SCHEMAS    : /sessions/sharp-great-euler/mnt/ccode/dottalkpp/data/schemas
  PROJECTS   : /sessions/sharp-great-euler/mnt/ccode/dottalkpp/data/projects
  SCRIPTS    : /sessions/sharp-great-euler/mnt/ccode/dottalkpp/data/scripts
  TESTS      : /sessions/sharp-great-euler/mnt/ccode/dottalkpp/data/tests
  HELP       : /sessions/sharp-great-euler/mnt/ccode/dottalkpp/data/help
  LOGS       : /sessions/sharp-great-euler/mnt/ccode/dottalkpp/data/logs
  TMP        : /sessions/sharp-great-euler/mnt/ccode/dottalkpp/data/tmp
INIT: no .ini file found in /tmp/lean/build/src
DotTalk++ type HELP. USE, SELECT <n>, AREA, COLOR <GREEN|AMBER|DEFAULT>, ABOUT, QUIT.

Dev: CMDHELPCHK, GPS, WORKSPACE, ERSATZ.

Hello World!
. Echo is OFF
STOP_ON_ERROR: threshold set to OFF
ERASE DIR: 'DBF/wbregress' does not exist -- nothing to delete.
ERASE DIR: 'DBF/wbabort' does not exist -- nothing to delete.
WS-WRITEBACK-PROOF-BEGIN
VDISK: note: RAM disk mounted (in-process VFS): /sessions/sharp-great-euler/mnt/ccode/dottalkpp/data/ram
VDISK: note:   DBF     -> /sessions/sharp-great-euler/mnt/ccode/dottalkpp/data/ram
VDISK: note:   INDEXES -> /sessions/sharp-great-euler/mnt/ccode/dottalkpp/data/ram/indexes
VDISK: note:   LMDB    -> /sessions/sharp-great-euler/mnt/ccode/dottalkpp/data/ram/lmdb
WORKSPACE CLOSE: Closing all work areas...
REL: cleared all
WORKSPACE: 0 area(s) closed.
  DBFROOT: /sessions/sharp-great-euler/mnt/ccode/dottalkpp/data/ram
  IDXROOT: /sessions/sharp-great-euler/mnt/ccode/dottalkpp/data/ram/indexes
  WSID: M48
  FLAVOR: X64
WORKSPACE LOAD: restored 13 area(s) and 0 relation(s) (+ 13 cursor(s)).
WORKSPACE MINIDB: hydrated 'mcc_minidb_memo' FROM THE MEMO: 27 file(s), 104411 B in 203.332 ms (zero disk reads)
  -> BUILDING.dbf  630 B  [oracle OK]
  -> CLASSES.dbf  13015 B  [oracle OK]
  -> COURSES.dbf  6863 B  [oracle OK]
  -> DEPT.dbf  703 B  [oracle OK]
  -> ENROLL.dbf  27224 B  [oracle OK]
  -> MAJORS.dbf  896 B  [oracle OK]
  -> ROOMS.dbf  842 B  [oracle OK]
  -> STUD_MAJ.dbf  4510 B  [oracle OK]
  -> STUDENTS.dbf  24078 B  [oracle OK]
  -> STUDENTS.dtx  4096 B  [oracle OK]
  -> TASSIGN.dbf  5310 B  [oracle OK]
  -> TEACHERS.dbf  2640 B  [oracle OK]
  -> TEACHERS.dtx  4096 B  [oracle OK]
  -> TERMS.dbf  372 B  [oracle OK]
  -> TEST64.dbf  304 B  [oracle OK]
WORKSPACE WRITEBACK: 15 file(s), 95579 B to /sessions/sharp-great-euler/mnt/ccode/dottalkpp/data/DBF/wbregress in 356.959 ms
  manifest: 13 table(s) declared by the posture, all present.
  indexes: NOT written -- 12 index selection(s) travel in the posture (index=/indextype= per table, mixed types preserved); rebuild at the destination, or re-run WITH INDEXES to copy the container bytes too.
WORKSPACE CLOSE: Closing all work areas...
REL: cleared all
WORKSPACE: 13 area(s) closed.
VDISK: note: RAM disk unmounted; all RAM files dropped
SETPATH: DBF = /sessions/sharp-great-euler/mnt/ccode/dottalkpp/data/DBF/wbregress
SETPATH: INDEXES = /sessions/sharp-great-euler/mnt/ccode/dottalkpp/data/DBF/wbregress
Selected area 1.
Current area: 1
Opened STUDENTS (v64) : Record count 200
Valid Index/Indices   : CDX, CNX
NOINDEX: auto-attach skipped (physical order).
Recno: 1
WB_T1_values_survive_round_trip:.T.
Recno: 200
WB_T2_count_survives:.T.
Recno: 1
WB_T3_memo_sidecar_made_the_trip:.T.
Closed.
Selected area 2.
Current area: 2
Opened TEACHERS (v64) : Record count 20
Valid Index/Indices   : CDX, CNX
NOINDEX: auto-attach skipped (physical order).
Recno: 1
WB_T4_second_table_intact:.T.
Closed.
Selected area 1.
Current area: 1
Opened STUDENTS (v64) : Record count 200
Valid Index/Indices   : CDX, CNX
NOINDEX: auto-attach skipped (physical order).
Recno: 1
REPLACE: Replaced field #2 at rec 1.
Closed.
Opened STUDENTS (v64) : Record count 200
Valid Index/Indices   : CDX, CNX
NOINDEX: auto-attach skipped (physical order).
Recno: 1
WB_G1_sentinel_planted:.T.
Closed.
VDISK: note: RAM disk mounted (in-process VFS): /sessions/sharp-great-euler/mnt/ccode/dottalkpp/data/ram
VDISK: note:   DBF     -> /sessions/sharp-great-euler/mnt/ccode/dottalkpp/data/ram
VDISK: note:   INDEXES -> /sessions/sharp-great-euler/mnt/ccode/dottalkpp/data/ram/indexes
VDISK: note:   LMDB    -> /sessions/sharp-great-euler/mnt/ccode/dottalkpp/data/ram/lmdb
WORKSPACE CLOSE: Closing all work areas...
REL: cleared all
WORKSPACE: 0 area(s) closed.
  DBFROOT: /sessions/sharp-great-euler/mnt/ccode/dottalkpp/data/ram
  IDXROOT: /sessions/sharp-great-euler/mnt/ccode/dottalkpp/data/ram/indexes
  WSID: M48
  FLAVOR: X64
WORKSPACE LOAD: restored 13 area(s) and 0 relation(s) (+ 13 cursor(s)).
WORKSPACE MINIDB: hydrated 'mcc_minidb_memo' FROM THE MEMO: 27 file(s), 104411 B in 217.306 ms (zero disk reads)
WORKSPACE WRITEBACK: 15 existing file(s) would be REPLACED at /sessions/sharp-great-euler/mnt/ccode/dottalkpp/data/DBF/wbregress:
  ~ BUILDING.dbf  630 B -> 630 B
  ~ CLASSES.dbf  13015 B -> 13015 B
  ~ COURSES.dbf  6863 B -> 6863 B
  ~ DEPT.dbf  703 B -> 703 B
  ~ ENROLL.dbf  27224 B -> 27224 B
  ~ MAJORS.dbf  896 B -> 896 B
  ~ ROOMS.dbf  842 B -> 842 B
  ~ STUD_MAJ.dbf  4510 B -> 4510 B
  ... and 7 more
Nothing written. Re-run with CONFIRM to replace them.
WORKSPACE CLOSE: Closing all work areas...
REL: cleared all
WORKSPACE: 13 area(s) closed.
VDISK: note: RAM disk unmounted; all RAM files dropped
SETPATH: DBF = /sessions/sharp-great-euler/mnt/ccode/dottalkpp/data/DBF/wbregress
Selected area 1.
Current area: 1
Opened STUDENTS (v64) : Record count 200
Valid Index/Indices   : CDX, CNX
NOINDEX: auto-attach skipped (physical order).
Recno: 1
WB_T7_refusal_wrote_nothing:.T.
Closed.
VDISK: note: RAM disk mounted (in-process VFS): /sessions/sharp-great-euler/mnt/ccode/dottalkpp/data/ram
VDISK: note:   DBF     -> /sessions/sharp-great-euler/mnt/ccode/dottalkpp/data/ram
VDISK: note:   INDEXES -> /sessions/sharp-great-euler/mnt/ccode/dottalkpp/data/ram/indexes
VDISK: note:   LMDB    -> /sessions/sharp-great-euler/mnt/ccode/dottalkpp/data/ram/lmdb
WORKSPACE CLOSE: Closing all work areas...
REL: cleared all
WORKSPACE: 0 area(s) closed.
  DBFROOT: /sessions/sharp-great-euler/mnt/ccode/dottalkpp/data/ram
  IDXROOT: /sessions/sharp-great-euler/mnt/ccode/dottalkpp/data/ram/indexes
  WSID: M48
  FLAVOR: X64
WORKSPACE LOAD: restored 13 area(s) and 0 relation(s) (+ 13 cursor(s)).
WORKSPACE MINIDB: hydrated 'mcc_minidb_memo' FROM THE MEMO: 27 file(s), 104411 B in 258.699 ms (zero disk reads)
  -> BUILDING.dbf  630 B  [oracle OK]
  -> CLASSES.dbf  13015 B  [oracle OK]
  -> COURSES.dbf  6863 B  [oracle OK]
  -> DEPT.dbf  703 B  [oracle OK]
  -> ENROLL.dbf  27224 B  [oracle OK]
  -> MAJORS.dbf  896 B  [oracle OK]
  -> ROOMS.dbf  842 B  [oracle OK]
  -> STUD_MAJ.dbf  4510 B  [oracle OK]
  -> STUDENTS.dbf  24078 B  [oracle OK]
  -> STUDENTS.dtx  4096 B  [oracle OK]
  -> TASSIGN.dbf  5310 B  [oracle OK]
  -> TEACHERS.dbf  2640 B  [oracle OK]
  -> TEACHERS.dtx  4096 B  [oracle OK]
  -> TERMS.dbf  372 B  [oracle OK]
  -> TEST64.dbf  304 B  [oracle OK]
WORKSPACE WRITEBACK: 15 file(s), 95579 B to /sessions/sharp-great-euler/mnt/ccode/dottalkpp/data/DBF/wbregress in 713.638 ms  (15 replaced, .__wbak kept)
  manifest: 13 table(s) declared by the posture, all present.
  indexes: NOT written -- 12 index selection(s) travel in the posture (index=/indextype= per table, mixed types preserved); rebuild at the destination, or re-run WITH INDEXES to copy the container bytes too.
WORKSPACE CLOSE: Closing all work areas...
REL: cleared all
WORKSPACE: 13 area(s) closed.
VDISK: note: RAM disk unmounted; all RAM files dropped
SETPATH: DBF = /sessions/sharp-great-euler/mnt/ccode/dottalkpp/data/DBF/wbregress
Selected area 1.
Current area: 1
Opened STUDENTS (v64) : Record count 200
Valid Index/Indices   : CDX, CNX
NOINDEX: auto-attach skipped (physical order).
Recno: 1
WB_T8_confirm_replaced:.T.
Closed.
Opened STUDENTS.__wbak (v64) : Record count 200
Valid Index/Indices   : CDX, CNX
NOINDEX: auto-attach skipped (physical order).
Recno: 1
WB_T9_wbak_holds_prior:.T.
Closed.
ERASE DIR: 'DBF/wbidx' does not exist -- nothing to delete.
VDISK: note: RAM disk mounted (in-process VFS): /sessions/sharp-great-euler/mnt/ccode/dottalkpp/data/ram
VDISK: note:   DBF     -> /sessions/sharp-great-euler/mnt/ccode/dottalkpp/data/ram
VDISK: note:   INDEXES -> /sessions/sharp-great-euler/mnt/ccode/dottalkpp/data/ram/indexes
VDISK: note:   LMDB    -> /sessions/sharp-great-euler/mnt/ccode/dottalkpp/data/ram/lmdb
WORKSPACE CLOSE: Closing all work areas...
REL: cleared all
WORKSPACE: 0 area(s) closed.
  DBFROOT: /sessions/sharp-great-euler/mnt/ccode/dottalkpp/data/ram
  IDXROOT: /sessions/sharp-great-euler/mnt/ccode/dottalkpp/data/ram/indexes
  WSID: M48
  FLAVOR: X64
WORKSPACE LOAD: restored 13 area(s) and 0 relation(s) (+ 13 cursor(s)).
WORKSPACE MINIDB: hydrated 'mcc_minidb_memo' FROM THE MEMO: 27 file(s), 104411 B in 197.303 ms (zero disk reads)
  -> BUILDING.dbf  630 B  [oracle OK]
  -> CLASSES.dbf  13015 B  [oracle OK]
  -> COURSES.dbf  6863 B  [oracle OK]
  -> DEPT.dbf  703 B  [oracle OK]
  -> ENROLL.dbf  27224 B  [oracle OK]
  -> MAJORS.dbf  896 B  [oracle OK]
  -> ROOMS.dbf  842 B  [oracle OK]
  -> STUD_MAJ.dbf  4510 B  [oracle OK]
  -> STUDENTS.dbf  24078 B  [oracle OK]
  -> STUDENTS.dtx  4096 B  [oracle OK]
  -> TASSIGN.dbf  5310 B  [oracle OK]
  -> TEACHERS.dbf  2640 B  [oracle OK]
  -> TEACHERS.dtx  4096 B  [oracle OK]
  -> TERMS.dbf  372 B  [oracle OK]
  -> TEST64.dbf  304 B  [oracle OK]
  -> BUILDING.cdx  296 B  [oracle OK]
  -> CLASSES.cdx  1640 B  [oracle OK]
  -> COURSES.cdx  488 B  [oracle OK]
  -> DEPT.cdx  296 B  [oracle OK]
  -> ENROLL.cdx  488 B  [oracle OK]
  -> MAJORS.cdx  488 B  [oracle OK]
  -> ROOMS.cdx  488 B  [oracle OK]
  -> STUD_MAJ.cdx  488 B  [oracle OK]
  -> STUDENTS.cdx  2216 B  [oracle OK]
  -> TASSIGN.cdx  488 B  [oracle OK]
  -> TEACHERS.cdx  1160 B  [oracle OK]
  -> TERMS.cdx  296 B  [oracle OK]
WORKSPACE WRITEBACK: 27 file(s), 104411 B to /sessions/sharp-great-euler/mnt/ccode/dottalkpp/data/DBF/wbidx in 676.92 ms
  manifest: 13 table(s) declared by the posture, all present.
WORKSPACE CLOSE: Closing all work areas...
REL: cleared all
WORKSPACE: 13 area(s) closed.
VDISK: note: RAM disk unmounted; all RAM files dropped
WB_T10_index_container_landed:.T.
SETPATH: DBF = /sessions/sharp-great-euler/mnt/ccode/dottalkpp/data/DBF/wbidx
SETPATH: INDEXES = /sessions/sharp-great-euler/mnt/ccode/dottalkpp/data/DBF/wbidx/indexes
SETPATH: LMDB = /sessions/sharp-great-euler/mnt/ccode/dottalkpp/data/DBF/wbidx/lmdb
warning: path does not exist
Selected area 1.
Current area: 1
Opened STUDENTS (v64) : Record count 200
Valid Index/Indices   : CDX, CNX
BUILDLMDB: target container /sessions/sharp-great-euler/mnt/ccode/dottalkpp/data/DBF/wbidx/indexes/STUDENTS.cdx
BUILDLMDB: LMDB env        /sessions/sharp-great-euler/mnt/ccode/dottalkpp/data/DBF/wbidx/lmdb/STUDENTS.cdx.d
BUILDLMDB: mapsize         134217728 bytes (128 MiB)
 [1] SID : OK
 [2] MAJOR : OK
 [3] LNAME : OK
 [4] FNAME : OK
 [5] DOB : OK
 [6] GPA : OK
BUILDLMDB: done OK=6 tags rebuilt.
CDX container   : /sessions/sharp-great-euler/mnt/ccode/dottalkpp/data/DBF/wbidx/indexes/STUDENTS.cdx
LMDB environment: /sessions/sharp-great-euler/mnt/ccode/dottalkpp/data/DBF/wbidx/lmdb/STUDENTS.cdx.d
Mapsize         : 134217728 bytes (128 MiB)
SET ORDER: CDX TAG 'LNAME' (ASC)
Recno: 21
WB_T11_mirror_usable_after_rebuild:.T.
Closed.
WORKSPACE CLOSE: Closing all work areas...
REL: cleared all
WORKSPACE: 0 area(s) closed.
SETPATH: DBF = /sessions/sharp-great-euler/mnt/ccode/dottalkpp/data/DBF/x64
SETPATH: INDEXES = /sessions/sharp-great-euler/mnt/ccode/dottalkpp/data/INDEXES/x64
SETPATH: LMDB = /sessions/sharp-great-euler/mnt/ccode/dottalkpp/data/LMDB/x64
Opened STUDENTS (v64) : Record count 200
Valid Index/Indices   : CDX, CNX
NOINDEX: auto-attach skipped (physical order).
WORKSPACE WRITEBACK: ABORTED -- the posture declares 13 table(s); 12 are not open:
  ? building.dbf
  ? classes.dbf
  ? courses.dbf
  ? dept.dbf
  ? enroll.dbf
  ? majors.dbf
  ? rooms.dbf
  ? stud_maj.dbf
  ? tassign.dbf
  ? teachers.dbf
  ? terms.dbf
  ? test64.dbf
Nothing was written. Load the whole workspace, or write back the one that is actually open.
Closed.
WB_T5_shortfall_refused:.T.
WB_T6_aborted_target_absent:.T.
WS-WRITEBACK-PROOF-END
WORKSPACE CLOSE: Closing all work areas...
REL: cleared all
WORKSPACE: 0 area(s) closed.
ERASE DIR: removed 'DBF/wbregress' (31 entrie(s)).
ERASE DIR: 'DBF/wbabort' does not exist -- nothing to delete.
ERASE DIR: removed 'DBF/wbidx' (34 entrie(s)).
SETPATH: DBF = /sessions/sharp-great-euler/mnt/ccode/dottalkpp/data/DBF/x64
SETPATH: INDEXES = /sessions/sharp-great-euler/mnt/ccode/dottalkpp/data/INDEXES/x64
SETPATH: LMDB = /sessions/sharp-great-euler/mnt/ccode/dottalkpp/data/LMDB/x64
. SHUTDOWN: no shutdown.ini found in /tmp/lean/build/src
